// Jest Snapshot v1, https://goo.gl/fbAQLP

exports[`Panel renders correctly 1`] = `
<div
  className="o-panel-container"
  style={
    Object {
      "height": "200px",
    }
  }
>
  <div
    className="o-panel"
  >
    Lorem ipsum dolor sit amet, consectetur adipisicing elit. Cupiditate harum iure molestias nihil quasi? Delectus impedit minus molestiae, possimus provident quidem vero. Ab dignissimos reprehenderit voluptatem. Assumenda commodi explicabo ullam!
  </div>
</div>
`;
