// Jest Snapshot v1, https://goo.gl/fbAQLP

exports[`Card.Divider renders correctly 1`] = `
<div
  className="c-card__item c-card__item--divider"
  role="separator"
>
  lorem
</div>
`;

exports[`Card.Divider renders correctly with a colour 1`] = `
<div
  className="c-card__item c-card__item--divider c-card__item--brand"
  role={null}
>
  lorem
</div>
`;
