// Jest Snapshot v1, https://goo.gl/fbAQLP

exports[`Header renders correctly 1`] = `
<thead
  className="c-table__head"
>
  lorem ipsum dolor
</thead>
`;
