// Jest Snapshot v1, https://goo.gl/fbAQLP

exports[`Card.Header renders correctly 1`] = `
<DocumentFragment>
  <header
    class="c-card__header"
    data-name="card-header"
  >
    lorem
  </header>
</DocumentFragment>
`;
