// Jest Snapshot v1, https://goo.gl/fbAQLP

exports[`Accordion renders correctly 1`] = `
<Card
  className="c-card--accordion"
  grouped={false}
>
  lorem ipsum dolor
</Card>
`;
