// Jest Snapshot v1, https://goo.gl/fbAQLP

exports[`Card.Body renders correctly 1`] = `
<DocumentFragment>
  <div
    class="c-card__body"
    data-name="card-body"
  >
    <p>
      lorem
    </p>
  </div>
</DocumentFragment>
`;
