// Jest Snapshot v1, https://goo.gl/fbAQLP

exports[`Content renders correctly 1`] = `
<DocumentFragment>
  <div
    class="c-card__item c-card__item--pane"
    data-name="accordion-content"
  >
    lorem 
    <p>
      lo
    </p>
    lorem ipsum dolor
  </div>
</DocumentFragment>
`;
