// Jest Snapshot v1, https://goo.gl/fbAQLP

exports[`Abbr renders correctly 1`] = `
<abbr
  className="u-text--help"
  title="Help text"
>
  lorem ipsum dolor
</abbr>
`;
