// Jest Snapshot v1, https://goo.gl/fbAQLP

exports[`Icon renders correctly 1`] = `
<i
  aria-hidden={true}
  className="c-icon fa-spinner fas"
/>
`;
