// Jest Snapshot v1, https://goo.gl/fbAQLP

exports[`Title renders correctly 1`] = `
<DocumentFragment>
  <button
    aria-expanded="true"
    class="c-card__control"
    type="button"
  >
    lorem ipsum dolor
  </button>
</DocumentFragment>
`;
