// Jest Snapshot v1, https://goo.gl/fbAQLP

exports[`Key renders correctly 1`] = `
<DocumentFragment>
  <kbd
    class="u-kbd"
    data-name="key"
  >
    key
  </kbd>
</DocumentFragment>
`;
