// Jest Snapshot v1, https://goo.gl/fbAQLP

exports[`Loud renders correctly 1`] = `
<DocumentFragment>
  <span
    class="u-text--loud"
    data-name="loud"
  >
    lorem ipsum dolor
  </span>
</DocumentFragment>
`;
