// Jest Snapshot v1, https://goo.gl/fbAQLP

exports[`Row renders correctly 1`] = `
<tr
  className="c-table__row"
>
  lorem ipsum dolor
</tr>
`;
