// Jest Snapshot v1, https://goo.gl/fbAQLP

exports[`Quiet renders correctly 1`] = `
<DocumentFragment>
  <span
    class="u-text--quiet"
    data-name="quiet"
  >
    lorem ipsum dolor
  </span>
</DocumentFragment>
`;
