// Jest Snapshot v1, https://goo.gl/fbAQLP

exports[`Textarea renders correctly 1`] = `
<DocumentFragment>
  <textarea
    class="c-field"
    data-name="input-textarea"
    placeholder="Type in here..."
  />
</DocumentFragment>
`;
