// Jest Snapshot v1, https://goo.gl/fbAQLP

exports[`Card renders correctly 1`] = `
<div
  className="c-card"
>
  <p>
    lorem
  </p>
</div>
`;
