// Jest Snapshot v1, https://goo.gl/fbAQLP

exports[`Highlight renders correctly 1`] = `
<span
  className="u-text--highlight"
>
  lorem ipsum dolor
</span>
`;
